=== MMMP QUALITY-DIVERSITY PROBE ===
samples=32 seed=0x51515151ABCDEFFF seed_mms=3 shaped=true constrained=true constrained_meta=true constrained_mm=true wide_meta=true wide_mm=true repair=false
sample 1/32: cell=23 anchor=47.5801 holdout=46.2106 nearest=0.933
sample 2/32: cell=35 anchor=47.5801 holdout=46.1805 nearest=1.000
sample 3/32: cell=23 anchor=47.6777 holdout=43.9318 nearest=1.000
sample 4/32: cell=23 anchor=47.5125 holdout=42.1594 nearest=1.000
sample 5/32: cell=23 anchor=47.5801 holdout=47.2166 nearest=1.000
sample 6/32: cell=29 anchor=47.4551 holdout=41.4152 nearest=1.000
sample 7/32: cell=23 anchor=47.4575 holdout=40.8285 nearest=1.000
sample 8/32: cell=23 anchor=47.7003 holdout=41.7729 nearest=1.000
sample 9/32: cell=23 anchor=47.5239 holdout=44.1360 nearest=1.000
sample 10/32: cell=35 anchor=47.6790 holdout=39.1726 nearest=1.000
sample 11/32: cell=29 anchor=47.3226 holdout=47.4867 nearest=1.000
sample 12/32: cell=29 anchor=47.4685 holdout=35.0580 nearest=1.000
sample 13/32: cell=29 anchor=47.4551 holdout=47.2166 nearest=1.000
sample 14/32: cell=23 anchor=47.6190 holdout=43.4653 nearest=1.000
sample 15/32: cell=23 anchor=47.4575 holdout=40.8285 nearest=1.000
sample 16/32: cell=23 anchor=47.5801 holdout=47.2166 nearest=1.000
sample 17/32: cell=23 anchor=47.6715 holdout=41.4011 nearest=1.000
sample 18/32: cell=23 anchor=47.5010 holdout=40.8285 nearest=1.000
sample 19/32: cell=29 anchor=47.5010 holdout=40.8285 nearest=1.000
sample 20/32: cell=23 anchor=47.4739 holdout=41.4152 nearest=1.000
sample 21/32: cell=29 anchor=47.6637 holdout=41.0217 nearest=1.000
sample 22/32: cell=29 anchor=47.6332 holdout=42.8270 nearest=1.000
sample 23/32: cell=29 anchor=47.4941 holdout=43.9318 nearest=1.000
sample 24/32: cell=29 anchor=47.5386 holdout=42.8759 nearest=1.000
sample 25/32: cell=35 anchor=47.6155 holdout=42.8759 nearest=1.000
sample 26/32: cell=35 anchor=47.5301 holdout=44.9762 nearest=1.000
sample 27/32: cell=23 anchor=47.4800 holdout=35.0580 nearest=1.000
sample 28/32: cell=23 anchor=47.5155 holdout=41.2670 nearest=1.000
sample 29/32: cell=23 anchor=47.5010 holdout=40.8285 nearest=1.000
sample 30/32: cell=35 anchor=47.4641 holdout=42.4887 nearest=1.000
sample 31/32: cell=29 anchor=47.5010 holdout=40.8285 nearest=1.000
sample 32/32: cell=23 anchor=47.6503 holdout=39.1726 nearest=1.000
filled_cells=3/36
BEST_HOLDOUT = 47.4867 cell=29 sample=10 nearest_seed_norm=1.0000
