meta-engine outer search: outer_iters=200 inner_steps=1000 eval_seeds=5 seed=0xDEADBEEF12345678
init: fitness=0.0000 used=9
  iter 0: cand=0.000 best(epoch)=0.000 rejected
  iter 14: cand=47.502 best(epoch)=0.000 ACCEPTED
  iter 16: cand=47.551 best(epoch)=38.492 ACCEPTED
  iter 24: cand=44.460 best(epoch)=42.770 ACCEPTED
  iter 25: cand=47.223 best(epoch)=47.223 rejected
  iter 28: cand=47.595 best(epoch)=46.268 ACCEPTED
  iter 30: cand=47.675 best(epoch)=44.121 ACCEPTED
  iter 32: cand=47.127 best(epoch)=45.326 ACCEPTED
  iter 33: cand=47.308 best(epoch)=45.234 ACCEPTED
  iter 36: cand=47.279 best(epoch)=40.583 ACCEPTED
  iter 40: cand=44.024 best(epoch)=38.793 ACCEPTED
  iter 41: cand=47.407 best(epoch)=46.178 ACCEPTED
  iter 44: cand=47.579 best(epoch)=45.930 ACCEPTED
  iter 49: cand=47.052 best(epoch)=45.588 ACCEPTED
  iter 50: cand=-8679.641 best(epoch)=39.985 rejected
  iter 54: cand=46.989 best(epoch)=40.909 ACCEPTED
  iter 56: cand=45.657 best(epoch)=-2111.584 ACCEPTED
  iter 61: cand=47.528 best(epoch)=43.929 ACCEPTED
  iter 64: cand=47.442 best(epoch)=47.184 ACCEPTED
  iter 67: cand=46.237 best(epoch)=45.894 ACCEPTED
  iter 73: cand=47.508 best(epoch)=47.162 ACCEPTED
  iter 74: cand=47.650 best(epoch)=47.432 ACCEPTED
  iter 75: cand=47.188 best(epoch)=47.534 rejected
  iter 79: cand=37.458 best(epoch)=22.400 ACCEPTED
  iter 80: cand=43.229 best(epoch)=28.637 ACCEPTED
  iter 81: cand=43.908 best(epoch)=38.373 ACCEPTED
  iter 83: cand=25.446 best(epoch)=25.067 ACCEPTED
  iter 92: cand=42.710 best(epoch)=28.203 ACCEPTED
  iter 93: cand=47.507 best(epoch)=46.386 ACCEPTED
  iter 98: cand=47.741 best(epoch)=47.327 ACCEPTED
  iter 100: cand=47.513 best(epoch)=47.589 rejected
  iter 102: cand=47.701 best(epoch)=47.430 ACCEPTED
  iter 108: cand=47.568 best(epoch)=46.423 ACCEPTED
  iter 109: cand=47.360 best(epoch)=46.888 ACCEPTED
  iter 110: cand=47.725 best(epoch)=46.633 ACCEPTED
  iter 115: cand=47.591 best(epoch)=47.439 ACCEPTED
  iter 123: cand=47.426 best(epoch)=47.294 ACCEPTED
  iter 125: cand=0.000 best(epoch)=46.809 rejected
  iter 126: cand=47.614 best(epoch)=40.112 ACCEPTED
  iter 127: cand=45.574 best(epoch)=41.106 ACCEPTED
  iter 130: cand=47.629 best(epoch)=41.688 ACCEPTED
  iter 131: cand=47.310 best(epoch)=45.567 ACCEPTED
  iter 133: cand=47.872 best(epoch)=47.417 ACCEPTED
  iter 140: cand=47.501 best(epoch)=47.050 ACCEPTED
  iter 148: cand=47.403 best(epoch)=47.006 ACCEPTED
  iter 150: cand=43.323 best(epoch)=43.323 rejected
  iter 157: cand=47.353 best(epoch)=36.183 ACCEPTED
  iter 163: cand=47.674 best(epoch)=47.634 ACCEPTED
  iter 166: cand=47.570 best(epoch)=47.518 ACCEPTED
  iter 175: cand=39.104 best(epoch)=47.754 rejected
  iter 179: cand=47.121 best(epoch)=40.156 ACCEPTED
  iter 181: cand=47.582 best(epoch)=47.366 ACCEPTED
  iter 184: cand=47.798 best(epoch)=47.059 ACCEPTED
  iter 193: cand=47.682 best(epoch)=47.528 ACCEPTED

rejected_by_holdout=0 rejected_by_catastrophe=0

final: best_fit=47.6818 accepted=46/200

best meta-program (6 ops):
  [0] ACCEPT_SA dst=r3 src1=r0 src2=r3
  [1] MUTATE_CUR dst=r1 src1=r0 src2=r0
  [2] TEMP_DECAY dst=r1 src1=r0 src2=r2
  [3] MUTATE_BEST_TO_CUR dst=r1 src1=r3 src2=r3
  [4] REG_XOR dst=r3 src1=r1 src2=r1
  [5] EVAL_CUR dst=r1 src1=r0 src2=r1

VALIDATION on 20 held-out seeds: mean=46.8117 min=39.7149 max=47.9290
wrote results/meta_engine_v5/outer_log.csv and results/meta_engine_v5/best_meta.csv
