meta-engine outer search: outer_iters=400 inner_steps=1000 eval_seeds=8 seed=0xFEEDFACECAFE12
init: fitness=-9463.0450 used=13
  iter 0: cand=-5854.203 best(epoch)=-5854.203 rejected
  iter 2: cand=-1303.308 best(epoch)=-10793.813 ACCEPTED
  iter 9: cand=46.459 best(epoch)=43.723 ACCEPTED
  iter 11: cand=45.592 best(epoch)=-1299.241 ACCEPTED
  iter 14: cand=45.459 best(epoch)=42.465 ACCEPTED
  iter 25: cand=43.593 best(epoch)=43.593 rejected
  iter 29: cand=47.490 best(epoch)=-1302.978 ACCEPTED
  iter 32: cand=47.218 best(epoch)=45.769 ACCEPTED
  iter 43: cand=47.386 best(epoch)=39.147 ACCEPTED
  iter 50: cand=47.472 best(epoch)=47.472 rejected
  iter 51: cand=46.643 best(epoch)=45.438 ACCEPTED
  iter 52: cand=44.810 best(epoch)=43.500 ACCEPTED
  iter 56: cand=43.945 best(epoch)=41.554 ACCEPTED
  iter 58: cand=45.237 best(epoch)=42.715 ACCEPTED
  iter 65: cand=44.629 best(epoch)=35.618 ACCEPTED
  iter 68: cand=38.035 best(epoch)=31.340 ACCEPTED
  iter 72: cand=36.126 best(epoch)=33.119 ACCEPTED
  iter 75: cand=40.929 best(epoch)=40.929 rejected
  iter 85: cand=37.710 best(epoch)=35.604 ACCEPTED
  iter 92: cand=47.004 best(epoch)=36.921 ACCEPTED
  iter 93: cand=44.818 best(epoch)=39.272 ACCEPTED
  iter 94: cand=47.509 best(epoch)=45.378 ACCEPTED
  iter 97: cand=47.172 best(epoch)=44.335 ACCEPTED
  iter 99: cand=47.530 best(epoch)=42.558 ACCEPTED
  iter 100: cand=31.554 best(epoch)=44.836 rejected
  iter 102: cand=46.570 best(epoch)=41.678 ACCEPTED
  iter 106: cand=43.784 best(epoch)=41.630 ACCEPTED
  iter 108: cand=47.521 best(epoch)=42.449 ACCEPTED
  iter 117: cand=43.479 best(epoch)=40.539 ACCEPTED
  iter 125: cand=46.382 best(epoch)=46.382 rejected
  iter 134: cand=47.409 best(epoch)=45.031 ACCEPTED
  iter 140: cand=47.778 best(epoch)=39.719 ACCEPTED
  iter 141: cand=47.449 best(epoch)=39.666 ACCEPTED
  iter 147: cand=47.443 best(epoch)=46.441 ACCEPTED
  iter 149: cand=47.727 best(epoch)=46.803 ACCEPTED
  iter 150: cand=43.842 best(epoch)=43.842 rejected
  iter 157: cand=43.061 best(epoch)=41.288 ACCEPTED
  iter 158: cand=47.357 best(epoch)=46.437 ACCEPTED
  iter 161: cand=47.410 best(epoch)=43.278 ACCEPTED
  iter 166: cand=47.642 best(epoch)=47.179 ACCEPTED
  iter 170: cand=47.774 best(epoch)=47.295 ACCEPTED
  iter 171: cand=47.345 best(epoch)=45.839 ACCEPTED
  iter 172: cand=47.503 best(epoch)=46.331 ACCEPTED
  iter 175: cand=42.558 best(epoch)=42.558 rejected
  iter 180: cand=47.155 best(epoch)=43.022 ACCEPTED
  iter 186: cand=47.698 best(epoch)=41.940 ACCEPTED
  iter 189: cand=41.500 best(epoch)=35.041 ACCEPTED
  iter 190: cand=47.491 best(epoch)=42.774 ACCEPTED
  iter 192: cand=47.172 best(epoch)=40.927 ACCEPTED
  iter 193: cand=47.228 best(epoch)=40.334 ACCEPTED
  iter 200: cand=-9474.061 best(epoch)=47.652 rejected
  iter 208: cand=47.427 best(epoch)=47.171 ACCEPTED
  iter 209: cand=45.866 best(epoch)=39.950 ACCEPTED
  iter 212: cand=46.747 best(epoch)=42.881 ACCEPTED
  iter 216: cand=46.676 best(epoch)=45.452 ACCEPTED
  iter 217: cand=45.338 best(epoch)=43.306 ACCEPTED
  iter 219: cand=47.639 best(epoch)=46.522 ACCEPTED
  iter 220: cand=47.083 best(epoch)=45.948 ACCEPTED
  iter 225: cand=-10811.563 best(epoch)=45.735 rejected
  iter 228: cand=47.514 best(epoch)=47.294 ACCEPTED
  iter 232: cand=43.105 best(epoch)=31.376 ACCEPTED
  iter 242: cand=47.024 best(epoch)=46.947 ACCEPTED
  iter 248: cand=47.278 best(epoch)=43.023 ACCEPTED
  iter 249: cand=47.258 best(epoch)=45.927 ACCEPTED
  iter 250: cand=47.473 best(epoch)=47.562 rejected
  iter 251: cand=47.598 best(epoch)=46.406 ACCEPTED
  iter 253: cand=47.545 best(epoch)=45.875 ACCEPTED
  iter 262: cand=47.723 best(epoch)=40.450 ACCEPTED
  iter 263: cand=46.656 best(epoch)=46.409 ACCEPTED
  iter 268: cand=47.403 best(epoch)=45.255 ACCEPTED
  iter 269: cand=47.635 best(epoch)=45.900 ACCEPTED
  iter 273: cand=42.750 best(epoch)=30.394 ACCEPTED
  iter 275: cand=43.292 best(epoch)=43.292 rejected
  iter 277: cand=47.278 best(epoch)=46.992 ACCEPTED
  iter 280: cand=47.597 best(epoch)=47.296 ACCEPTED
  iter 282: cand=44.191 best(epoch)=43.522 ACCEPTED
  iter 283: cand=47.644 best(epoch)=46.004 ACCEPTED
  iter 284: cand=46.715 best(epoch)=46.124 ACCEPTED
  iter 287: cand=47.777 best(epoch)=47.578 ACCEPTED
  iter 288: cand=47.671 best(epoch)=42.099 ACCEPTED
  iter 292: cand=47.664 best(epoch)=47.656 ACCEPTED
  iter 298: cand=47.513 best(epoch)=47.507 ACCEPTED
  iter 300: cand=41.132 best(epoch)=47.512 rejected
  iter 308: cand=46.469 best(epoch)=45.925 ACCEPTED
  iter 311: cand=47.525 best(epoch)=47.281 ACCEPTED
  iter 313: cand=47.468 best(epoch)=47.292 ACCEPTED
  iter 324: cand=47.322 best(epoch)=47.043 ACCEPTED
  iter 325: cand=47.584 best(epoch)=47.584 rejected
  iter 327: cand=47.149 best(epoch)=46.849 ACCEPTED
  iter 341: cand=47.532 best(epoch)=41.667 ACCEPTED
  iter 343: cand=47.750 best(epoch)=47.420 ACCEPTED
  iter 345: cand=47.636 best(epoch)=40.076 ACCEPTED
  iter 349: cand=47.562 best(epoch)=47.519 ACCEPTED
  iter 350: cand=46.258 best(epoch)=47.559 rejected
  iter 355: cand=47.142 best(epoch)=41.910 ACCEPTED
  iter 358: cand=42.312 best(epoch)=40.886 ACCEPTED
  iter 368: cand=47.753 best(epoch)=47.480 ACCEPTED
  iter 370: cand=47.379 best(epoch)=46.802 ACCEPTED
  iter 371: cand=47.552 best(epoch)=47.097 ACCEPTED
  iter 375: cand=-9475.223 best(epoch)=46.467 rejected
  iter 388: cand=47.383 best(epoch)=46.859 ACCEPTED
  iter 397: cand=45.988 best(epoch)=45.392 ACCEPTED

rejected_by_holdout=0 rejected_by_catastrophe=0

final: best_fit=45.9877 accepted=86/400

best meta-program (10 ops):
  [0] EVAL_CUR dst=r0 src1=r0 src2=r1
  [1] TEMP_DECAY dst=r3 src1=r2 src2=r3
  [2] REG_XOR dst=r0 src1=r2 src2=r3
  [3] ACCEPT_SA dst=r1 src1=r1 src2=r1
  [4] NOP dst=r0 src1=r0 src2=r3
  [5] RESET_CUR_TO_BEST dst=r0 src1=r1 src2=r0
  [6] ACCEPT_IF_BETTER dst=r1 src1=r3 src2=r1
  [7] NOP dst=r0 src1=r2 src2=r1
  [8] MUTATE_BEST_TO_CUR dst=r1 src1=r3 src2=r1
  [9] ACCEPT_IF_BETTER dst=r2 src1=r1 src2=r3

VALIDATION on 20 held-out seeds: mean=45.9702 min=23.9030 max=47.8999
wrote results/meta_engine_v5b/outer_log.csv and results/meta_engine_v5b/best_meta.csv
