=== TIER-1 CHAIN RUNNER ===
generations=4 tier1_iters=40 mm_outer_iters=12 tier0_inner_steps=150 root_seed=0xABCD1234EF567890 wide_call_meta=true
seeded library[0] = results/mm_chain_1111222233334444/gen_0_champion_meta.csv  (15 instrs)
seeded library[1] = results/mm_chain_1111222233334444/gen_1_champion_meta.csv  (15 instrs)
seeded library[2] = results/mm_chain_1111222233334444/gen_2_champion_meta.csv  (16 instrs)
seeded library[3] = results/mm_chain_1111222233334444/gen_3_champion_meta.csv  (16 instrs)
seeded library[4] = results/mm_chain_7777888899990000/gen_0_champion_meta.csv  (8 instrs)
seeded library[5] = results/mm_chain_7777888899990000/gen_1_champion_meta.csv  (7 instrs)
seeded library[6] = results/mm_chain_7777888899990000/gen_2_champion_meta.csv  (13 instrs)
seeded library[7] = results/mm_chain_7777888899990000/gen_3_champion_meta.csv  (9 instrs)

--- generation 0 | chain_extras_len=8 ---
  init pool best anchor-mean q=-0.2619
  iter 4 accepted anchor=44.3283
  gen 0: accepted=1/40 anchor_mean=44.3283 holdout=-16.9279 mm_evals=240
verdict: ADVANCE  (holdout -16.9279 vs prev 0.0000)

--- generation 1 | chain_extras_len=9 ---
  init pool best anchor-mean q=41.9235
  iter 15 accepted anchor=47.1493
  iter 22 accepted anchor=47.5117
  iter 25 accepted anchor=47.6466
  iter 31 accepted anchor=47.7200
  gen 1: accepted=4/40 anchor_mean=47.7200 holdout=44.8067 mm_evals=228
verdict: ADVANCE + STRICT_DOMINATION  (holdout 44.8067 vs prev -16.9279)

--- generation 2 | chain_extras_len=10 ---
  init pool best anchor-mean q=1.7737
  iter 0 accepted anchor=12.2511
  iter 3 accepted anchor=43.4944
  gen 2: accepted=2/40 anchor_mean=43.4944 holdout=-2.5625 mm_evals=228
verdict: HALT(holdout_regression)  (holdout -2.5625 vs prev 44.8067)

=== CHAIN RESULT ===
HALTED at generation 2
STRICT_DOMINATION ever observed: YES
