meta-engine outer search: outer_iters=300 inner_steps=400 eval_seeds=5 seed=0xDEADBEEF12345678
init: fitness=0.0000 used=9
  iter 0: cand=0.000 best(epoch)=0.000 rejected
  iter 14: cand=44.649 best(epoch)=0.000 ACCEPTED
  iter 16: cand=39.176 best(epoch)=9.697 ACCEPTED
  iter 24: cand=35.775 best(epoch)=9.503 ACCEPTED
  iter 25: cand=-2130.462 best(epoch)=-2130.462 rejected
  iter 30: cand=45.997 best(epoch)=45.124 ACCEPTED
  iter 50: cand=39.819 best(epoch)=37.657 ACCEPTED
  iter 75: cand=26.677 best(epoch)=16.276 rej-by-holdout
  iter 100: cand=26.671 best(epoch)=37.549 rejected
  iter 125: cand=18.047 best(epoch)=18.047 rejected
  iter 137: cand=16.042 best(epoch)=0.624 ACCEPTED
  iter 150: cand=-3.956 best(epoch)=-3.956 rejected
  iter 175: cand=-7.143 best(epoch)=13.311 rejected
  iter 192: cand=35.561 best(epoch)=35.552 ACCEPTED
  iter 200: cand=-10798.650 best(epoch)=15.080 rejected
  iter 225: cand=43.082 best(epoch)=43.082 rejected
  iter 250: cand=47.107 best(epoch)=-2113.881 rej-by-holdout
  iter 275: cand=44.405 best(epoch)=22.845 rej-by-holdout

rejected_by_holdout=70 rejected_by_catastrophe=13

final: best_fit=35.5610 accepted=7/300

best meta-program (11 ops):
  [0] ACCEPT_IF_BETTER dst=r0 src1=r2 src2=r1
  [1] TEMP_DECAY dst=r2 src1=r0 src2=r1
  [2] ACCEPT_SA dst=r2 src1=r0 src2=r0
  [3] ACCEPT_IF_BETTER dst=r1 src1=r0 src2=r0
  [4] MUTATE_BEST_TO_CUR dst=r2 src1=r1 src2=r2
  [5] INIT_CUR dst=r1 src1=r2 src2=r3
  [6] TEMP_DECAY dst=r3 src1=r0 src2=r3
  [7] MUTATE_BEST_TO_CUR dst=r0 src1=r1 src2=r2
  [8] MUTATE_BEST_TO_CUR dst=r0 src1=r1 src2=r1
  [9] EVAL_CUR dst=r1 src1=r0 src2=r1
  [10] ACCEPT_IF_BETTER dst=r0 src1=r3 src2=r0

VALIDATION on 20 held-out seeds: mean=21.6630 min=-89.0600 max=47.8120
wrote results/meta_engine_v4/outer_log.csv and results/meta_engine_v4/best_meta.csv
