=== TIER-1 CHAIN RUNNER ===
generations=4 tier1_iters=40 mm_outer_iters=12 tier0_inner_steps=150 root_seed=0x5555666677778888 wide_call_meta=true
seeded library[0] = results/mm_chain_1111222233334444/gen_0_champion_meta.csv  (15 instrs)
seeded library[1] = results/mm_chain_1111222233334444/gen_1_champion_meta.csv  (15 instrs)
seeded library[2] = results/mm_chain_1111222233334444/gen_2_champion_meta.csv  (16 instrs)
seeded library[3] = results/mm_chain_1111222233334444/gen_3_champion_meta.csv  (16 instrs)
seeded library[4] = results/mm_chain_7777888899990000/gen_0_champion_meta.csv  (8 instrs)
seeded library[5] = results/mm_chain_7777888899990000/gen_1_champion_meta.csv  (7 instrs)
seeded library[6] = results/mm_chain_7777888899990000/gen_2_champion_meta.csv  (13 instrs)
seeded library[7] = results/mm_chain_7777888899990000/gen_3_champion_meta.csv  (9 instrs)

--- generation 0 | chain_extras_len=8 ---
  init pool best anchor-mean q=47.6631
  gen 0: accepted=0/40 anchor_mean=47.6631 holdout=30.8735 mm_evals=248
verdict: ADVANCE  (holdout 30.8735 vs prev 0.0000)

--- generation 1 | chain_extras_len=9 ---
  init pool best anchor-mean q=-102.9327
  iter 5 accepted anchor=25.6306
  iter 31 accepted anchor=47.2892
  iter 32 accepted anchor=47.3107
  iter 33 accepted anchor=47.5066
  gen 1: accepted=4/40 anchor_mean=47.5066 holdout=30.8735 mm_evals=268
verdict: ADVANCE(tie)  (holdout 30.8735 vs prev 30.8735)

--- generation 2 | chain_extras_len=10 ---
  init pool best anchor-mean q=-0.5757
  iter 15 accepted anchor=12.9453
  gen 2: accepted=1/40 anchor_mean=12.9453 holdout=-15.0054 mm_evals=232
verdict: HALT(holdout_regression)  (holdout -15.0054 vs prev 30.8735)

=== CHAIN RESULT ===
HALTED at generation 2
STRICT_DOMINATION ever observed: NO
