=== TIER-2 CHAIN RUNNER (MMMP) ===
generations=4 tier2_iters=20 mmm_outer_iters=8 tier1_outer_iters=8 tier0_inner_steps=120 root_seed=0x1111222233334444 shaped_fitness=true constrained_init=true wide_call_meta=true wide_call_mm=true monotone_retries=10 promotion_threshold=47.1615
seeded mm_library[0] = results/mm_chain_mono_F00D/BEST_champion_meta_meta.csv  (11 instrs)
seeded mm_library[1] = results/mm_chain_par_1111/BEST_champion_meta_meta.csv  (10 instrs)
seeded mm_library[2] = results/phaseA_stack_F00D/BEST_champion_meta_meta.csv  (10 instrs)

--- generation 0 | chain_extras_mm_len=3 | best_so_far=-inf ---
  spawning 10 parallel attempts...
  attempt 1/10 seed=0x2A91321A8F52BC09 anchor=47.1794 holdout=-3.0301
  attempt 2/10 seed=0x8A8CA10AA52E9C94 anchor=46.7104 holdout=42.8338
  attempt 3/10 seed=0x84A9447EC7B651B9 anchor=47.2167 holdout=13.7157
  attempt 4/10 seed=0x31AB59254BEA19C6 anchor=40.4021 holdout=-10764.6875
  attempt 5/10 seed=0x60EECA805371263A anchor=47.6649 holdout=34.1486
  attempt 6/10 seed=0x70C62A29B2E83D37 anchor=47.3742 holdout=-1000000.0000
  attempt 7/10 seed=0x9F3C2D0FC91460A0 anchor=46.7104 holdout=42.8338
  attempt 8/10 seed=0xDE1DE98E4D9859A4 anchor=43.2667 holdout=-48.6847
  attempt 9/10 seed=0x3CD5E810B3388AA0 anchor=43.2667 holdout=-48.6847
  attempt 10/10 seed=0x6831CD544F22F644 anchor=20.4979 holdout=-1000000.0000
gen 0 summary: ADVANCE + STRICT_PROGRESS  (best_attempt_holdout=42.8338  best_so_far=-inf  attempts_run=10)

--- generation 1 | chain_extras_mm_len=4 | best_so_far=42.8338 ---
  spawning 10 parallel attempts...
  attempt 1/10 seed=0x31810A97505C51F2 anchor=43.2667 holdout=-48.6847
  attempt 2/10 seed=0x9FE79CECF197ADB anchor=44.3451 holdout=-10764.6875
  attempt 3/10 seed=0x459160B1E9D99D8A anchor=43.2667 holdout=-48.6847
  attempt 4/10 seed=0xF2BB4C6CE6BBED2D anchor=46.9145 holdout=37.8636
  attempt 5/10 seed=0xC728E29C0C9E5986 anchor=47.3776 holdout=-4053.4408
  attempt 6/10 seed=0xD24B9E2EB72EB194 anchor=43.2667 holdout=-48.6847
  attempt 7/10 seed=0x16E7FA10AF7525B4 anchor=45.7575 holdout=-1000000.0000
  attempt 8/10 seed=0xB7645486304316C4 anchor=46.7104 holdout=42.8338
  attempt 9/10 seed=0xBC33434FDADAAB02 anchor=47.2642 holdout=34.1486
  attempt 10/10 seed=0xFF3E215D0FF68048 anchor=12.5589 holdout=12.9147
gen 1 summary: SOFT_HALT(retries_exhausted_but_continuing)  (best_attempt_holdout=42.8338  best_so_far=42.8338  attempts_run=10)

--- generation 2 | chain_extras_mm_len=4 | best_so_far=42.8338 ---
  spawning 10 parallel attempts...
  attempt 1/10 seed=0x5CF37CBCEE3F8019 anchor=-26.1416 holdout=-10764.6875
  attempt 2/10 seed=0xE25D3307DA3D28AA anchor=43.2667 holdout=-48.6847
  attempt 3/10 seed=0xB03DBFC1FEEFB796 anchor=47.4708 holdout=42.9801
  attempt 4/10 seed=0xFB94147F717F8F7E anchor=43.2667 holdout=-48.6847
  attempt 5/10 seed=0x17FDB53D809E0CE0 anchor=46.6205 holdout=-1000000.0000
  attempt 6/10 seed=0x33170C4B552E89B anchor=43.2667 holdout=-48.6847
  attempt 7/10 seed=0xFAFDDFC33E4AAC5B anchor=43.2667 holdout=-48.6847
  attempt 8/10 seed=0x65CA648B62EC63FB anchor=42.6431 holdout=-5536.8918
  attempt 9/10 seed=0x193711EB8C1085FA anchor=47.4376 holdout=-1000000.0000
  attempt 10/10 seed=0xA862ED25D8BA4C03 anchor=-26.1416 holdout=-10764.6875
gen 2 summary: SOFT_HALT(retries_exhausted_but_continuing)  (best_attempt_holdout=42.9801  best_so_far=42.8338  attempts_run=10)

--- generation 3 | chain_extras_mm_len=4 | best_so_far=42.8338 ---
  spawning 10 parallel attempts...
