=== TIER-1 CHAIN RUNNER ===
generations=4 tier1_iters=200 mm_outer_iters=12 tier0_inner_steps=150 root_seed=0xDEADBEEF11223344 wide_call_meta=false

--- generation 0 | chain_extras_len=0 ---
  init pool best anchor-mean q=-252764.0862
  iter 25 accepted anchor=1.0260
  iter 29 accepted anchor=14.6452
  iter 141 accepted anchor=22.3696
  gen 0: accepted=3/200 anchor_mean=22.3696 holdout=-99.0509 mm_evals=740
verdict: ADVANCE  (holdout -99.0509 vs prev 0.0000)

--- generation 1 | chain_extras_len=1 ---
  init pool best anchor-mean q=-9.9308
  iter 27 accepted anchor=13.3772
  iter 37 accepted anchor=24.3388
  iter 54 accepted anchor=36.1693
  iter 56 accepted anchor=41.9242
  gen 1: accepted=4/200 anchor_mean=41.9242 holdout=-1408.5572 mm_evals=720
verdict: HALT(holdout_regression)  (holdout -1408.5572 vs prev -99.0509)

=== CHAIN RESULT ===
HALTED at generation 1
STRICT_DOMINATION ever observed: NO
