meta-engine outer search: outer_iters=300 inner_steps=400 eval_seeds=5 seed=0x22222222BBBBBBBB
init pool=32: fitness=46.1168 anchor=47.4048 used=15
  iter 0: cand=46.974 best(epoch)=37.374 ACCEPTED
  iter 3: cand=47.212 best(epoch)=42.076 ACCEPTED
  iter 8: cand=47.224 best(epoch)=45.213 ACCEPTED
  iter 19: cand=46.814 best(epoch)=46.774 ACCEPTED
  iter 25: cand=42.164 best(epoch)=45.149 rejected
  iter 30: cand=47.040 best(epoch)=46.508 ACCEPTED
  iter 37: cand=44.699 best(epoch)=43.345 ACCEPTED
  iter 42: cand=47.109 best(epoch)=45.328 ACCEPTED
  iter 50: cand=44.896 best(epoch)=37.790 ACCEPTED
  iter 58: cand=47.457 best(epoch)=46.808 ACCEPTED
  iter 59: cand=44.213 best(epoch)=42.932 ACCEPTED
  iter 62: cand=47.782 best(epoch)=45.824 ACCEPTED
  iter 63: cand=47.625 best(epoch)=39.440 ACCEPTED
  iter 67: cand=43.688 best(epoch)=38.672 ACCEPTED+ANCHOR
  iter 71: cand=47.536 best(epoch)=45.931 ACCEPTED
  iter 73: cand=47.684 best(epoch)=45.202 ACCEPTED
  iter 75: cand=47.354 best(epoch)=47.354 rejected
  iter 77: cand=46.658 best(epoch)=44.657 ACCEPTED
  iter 80: cand=46.961 best(epoch)=45.899 ACCEPTED
  iter 84: cand=47.409 best(epoch)=47.273 ACCEPTED
  iter 93: cand=47.288 best(epoch)=32.313 ACCEPTED
  iter 97: cand=44.988 best(epoch)=42.736 ACCEPTED
  iter 100: cand=44.551 best(epoch)=44.551 rejected
  iter 109: cand=47.585 best(epoch)=34.827 ACCEPTED
  iter 110: cand=45.378 best(epoch)=36.741 ACCEPTED
  iter 111: cand=47.315 best(epoch)=47.190 ACCEPTED
  iter 115: cand=45.625 best(epoch)=33.132 ACCEPTED
  iter 118: cand=47.364 best(epoch)=43.428 ACCEPTED
  iter 119: cand=47.383 best(epoch)=46.097 ACCEPTED
  iter 125: cand=33.527 best(epoch)=37.234 rejected
  iter 126: cand=47.345 best(epoch)=47.339 ACCEPTED
  iter 129: cand=41.462 best(epoch)=41.409 ACCEPTED
  iter 136: cand=46.569 best(epoch)=46.434 ACCEPTED
  iter 139: cand=45.227 best(epoch)=37.846 ACCEPTED
  iter 141: cand=42.682 best(epoch)=38.588 ACCEPTED
  iter 143: cand=44.982 best(epoch)=-0.576 ACCEPTED
  iter 149: cand=33.698 best(epoch)=30.665 ACCEPTED
  iter 150: cand=38.557 best(epoch)=38.557 rejected
  iter 152: cand=46.729 best(epoch)=24.774 ACCEPTED
  iter 155: cand=-3.240 best(epoch)=-7.952 ACCEPTED
  iter 160: cand=16.918 best(epoch)=7.078 ACCEPTED
  iter 161: cand=18.033 best(epoch)=17.876 ACCEPTED
  iter 163: cand=8.323 best(epoch)=3.491 ACCEPTED
  iter 166: cand=21.383 best(epoch)=13.127 ACCEPTED
  iter 173: cand=21.826 best(epoch)=-3.750 ACCEPTED
  iter 175: cand=8.870 best(epoch)=8.870 rejected
  iter 182: cand=22.596 best(epoch)=15.161 ACCEPTED
  iter 184: cand=31.947 best(epoch)=20.538 ACCEPTED
  iter 185: cand=35.790 best(epoch)=16.692 ACCEPTED
  iter 186: cand=27.456 best(epoch)=19.882 ACCEPTED
  iter 191: cand=25.422 best(epoch)=13.913 ACCEPTED
  iter 192: cand=28.595 best(epoch)=7.061 ACCEPTED
  iter 193: cand=16.279 best(epoch)=13.150 ACCEPTED
  iter 195: cand=13.550 best(epoch)=1.951 ACCEPTED
  iter 197: cand=32.267 best(epoch)=30.493 ACCEPTED
  iter 200: cand=10.841 best(epoch)=10.841 rejected
  iter 206: cand=33.427 best(epoch)=13.636 ACCEPTED
  iter 208: cand=27.170 best(epoch)=14.147 ACCEPTED
  iter 209: cand=34.872 best(epoch)=-2.603 ACCEPTED
  iter 211: cand=32.626 best(epoch)=17.396 ACCEPTED
  iter 214: cand=42.839 best(epoch)=14.223 ACCEPTED
  iter 225: cand=-1000000.000 best(epoch)=4.560 rejected
  iter 228: cand=10.665 best(epoch)=-19.533 ACCEPTED
  iter 230: cand=20.097 best(epoch)=13.493 ACCEPTED
  iter 235: cand=9.008 best(epoch)=4.680 ACCEPTED
  iter 242: cand=47.551 best(epoch)=-16.115 ACCEPTED
  iter 245: cand=22.497 best(epoch)=10.662 ACCEPTED
  iter 250: cand=-1000000.000 best(epoch)=14.116 rejected
  iter 265: cand=25.817 best(epoch)=-38.109 ACCEPTED
  iter 275: cand=47.407 best(epoch)=22.230 ACCEPTED
  iter 277: cand=47.207 best(epoch)=19.085 ACCEPTED
  iter 288: cand=33.094 best(epoch)=31.130 ACCEPTED
  iter 291: cand=38.371 best(epoch)=27.718 ACCEPTED
  iter 293: cand=10.620 best(epoch)=-24.376 ACCEPTED
  iter 294: cand=47.069 best(epoch)=34.664 ACCEPTED
  iter 295: cand=45.730 best(epoch)=-14.780 ACCEPTED
  iter 297: cand=36.041 best(epoch)=-9.424 ACCEPTED

rejected_by_holdout=0 rejected_by_catastrophe=0

final: best_fit=36.0405 accepted=68/300 best_ever_anchor=47.5561

best meta-program (anchor-protected, 15 ops):
  [0] MUTATE_BEST_TO_CUR dst=r3 src1=r0 src2=r3
  [1] EVAL_CUR dst=r1 src1=r0 src2=r0
  [2] ACCEPT_IF_BETTER dst=r1 src1=r2 src2=r2
  [3] MUTATE_CUR dst=r0 src1=r2 src2=r3
  [4] ACCEPT_IF_BETTER dst=r0 src1=r1 src2=r0
  [5] MUTATE_BEST_TO_CUR dst=r0 src1=r1 src2=r1
  [6] RAND_REG dst=r2 src1=r2 src2=r1
  [7] EVAL_CUR dst=r3 src1=r1 src2=r2
  [8] ACCEPT_IF_BETTER dst=r0 src1=r0 src2=r0
  [9] ACCEPT_IF_BETTER dst=r3 src1=r1 src2=r2
  [10] NOP dst=r0 src1=r3 src2=r0
  [11] MUTATE_CUR dst=r2 src1=r2 src2=r0
  [12] REG_SHR dst=r1 src1=r1 src2=r0
  [13] RESET_CUR_TO_BEST dst=r1 src1=r1 src2=r1
  [14] ACCEPT_SA dst=r0 src1=r2 src2=r3

VALIDATION on 20 held-out seeds: mean=44.1386 min=-0.5132 max=47.9707
wrote results/meta_engine_repro/r1/outer_log.csv and results/meta_engine_repro/r1/best_meta.csv
