=== TIER-2 CHAIN RUNNER (MMMP) ===
generations=4 tier2_iters=20 mmm_outer_iters=8 tier1_outer_iters=8 tier0_inner_steps=120 root_seed=0x1111222233334444 shaped_fitness=true constrained_init=true
seeded mm_library[0] = results/mm_chain_1111222233334444/gen_0_champion_meta_meta.csv  (10 instrs)
seeded mm_library[1] = results/mm_chain_1111222233334444/gen_1_champion_meta_meta.csv  (7 instrs)
seeded mm_library[2] = results/mm_chain_1111222233334444/gen_2_champion_meta_meta.csv  (14 instrs)
seeded mm_library[3] = results/mm_chain_1111222233334444/gen_3_champion_meta_meta.csv  (11 instrs)

--- generation 0 | chain_extras_mm_len=4 ---
  init pool best anchor-mean q=47.2566
  iter 10 accepted anchor=47.4978
  gen 0: accepted=1/20 anchor_mean=47.4978 holdout=-10764.8750 mmm_evals=124
verdict: ADVANCE  (holdout -10764.8750 vs prev 0.0000)

--- generation 1 | chain_extras_mm_len=5 ---
  init pool best anchor-mean q=47.2830
  gen 1: accepted=0/20 anchor_mean=47.2830 holdout=-10764.6875 mmm_evals=120
verdict: ADVANCE(tie)  (holdout -10764.6875 vs prev -10764.8750)

--- generation 2 | chain_extras_mm_len=6 ---
  init pool best anchor-mean q=46.1380
  iter 7 accepted anchor=47.1447
  iter 8 accepted anchor=47.1602
  gen 2: accepted=2/20 anchor_mean=47.1602 holdout=23.3050 mmm_evals=136
verdict: ADVANCE + STRICT_DOMINATION  (holdout 23.3050 vs prev -10764.6875)

--- generation 3 | chain_extras_mm_len=7 ---
  init pool best anchor-mean q=43.2667
  gen 3: accepted=0/20 anchor_mean=43.2667 holdout=-48.6847 mmm_evals=124
verdict: HALT(holdout_regression)  (holdout -48.6847 vs prev 23.3050)

=== CHAIN RESULT ===
HALTED at generation 3
STRICT_DOMINATION ever observed: YES
