=== TIER-2 CHAIN RUNNER (MMMP) ===
generations=4 tier2_iters=12 mmm_outer_iters=6 tier1_outer_iters=8 tier0_inner_steps=120 root_seed=0x1111222233334444 shaped_fitness=true constrained_init=true wide_call_meta=true wide_call_mm=true repair_meta_ordering=true monotone_retries=10 promotion_threshold=47.1615
seeded mm_library[0] = results/mm_chain_mono_F00D/BEST_champion_meta_meta.csv  (11 instrs)
seeded mm_library[1] = results/mm_chain_par_1111/BEST_champion_meta_meta.csv  (10 instrs)
seeded mm_library[2] = results/phaseA_stack_F00D/BEST_champion_meta_meta.csv  (10 instrs)

--- generation 0 | chain_extras_mm_len=3 | best_so_far=-inf ---
  spawning 10 parallel attempts...
  attempt 1/10 seed=0x2A91321A8F52BC09 anchor=46.9422 holdout=-10764.6875
  attempt 2/10 seed=0x8A8CA10AA52E9C94 anchor=47.4293 holdout=-1337.9170
  attempt 3/10 seed=0x84A9447EC7B651B9 anchor=47.6448 holdout=-2749.7742
  attempt 4/10 seed=0x31AB59254BEA19C6 anchor=46.6310 holdout=-10764.6875
  attempt 5/10 seed=0x60EECA805371263A anchor=47.3911 holdout=19.0697
  attempt 6/10 seed=0x70C62A29B2E83D37 anchor=47.4293 holdout=-1337.9170
  attempt 7/10 seed=0x9F3C2D0FC91460A0 anchor=47.4293 holdout=-1337.9170
  attempt 8/10 seed=0xDE1DE98E4D9859A4 anchor=47.4293 holdout=-1337.9170
  attempt 9/10 seed=0x3CD5E810B3388AA0 anchor=46.6310 holdout=-10764.6875
  attempt 10/10 seed=0x6831CD544F22F644 anchor=45.3975 holdout=-61.2462
gen 0 summary: ADVANCE + STRICT_PROGRESS  (best_attempt_holdout=19.0697  best_so_far=-inf  attempts_run=10)

--- generation 1 | chain_extras_mm_len=4 | best_so_far=19.0697 ---
  spawning 10 parallel attempts...
