=== TIER-1 CHAIN RUNNER ===
generations=6 tier1_iters=24 mm_outer_iters=12 tier0_inner_steps=150 root_seed=0xF00DBEEFCAFEFACE wide_call_meta=true monotone_retries=10
seeded library[0] = results/mm_chain_mono_F00D/BEST_champion_meta.csv  (14 instrs)

--- generation 0 | chain_extras_len=1 | best_so_far=-inf ---
  spawning 10 parallel attempts...
  attempt 1/10 seed=0xB3E883177C9E63DF anchor=47.7253 holdout=47.1615
  attempt 2/10 seed=0x6F984886EE81C9BB anchor=47.6859 holdout=21.3334
  attempt 3/10 seed=0x1702E3A945B4D743 anchor=47.7498 holdout=47.1615
  attempt 4/10 seed=0xC54D3DF0D7886CAD anchor=47.7406 holdout=47.1615
  attempt 5/10 seed=0x2EE5C76C668CC6B7 anchor=47.5645 holdout=47.1615
  attempt 6/10 seed=0xDFA1E384AD26C3BD anchor=47.7308 holdout=7.9358
  attempt 7/10 seed=0xEACA29180AB755C0 anchor=47.7632 holdout=7.9358
  attempt 8/10 seed=0x4DF51E8C70BECCA3 anchor=47.6887 holdout=21.3334
  attempt 9/10 seed=0x420BF85B912D8E18 anchor=47.7058 holdout=21.3334
  attempt 10/10 seed=0x10B467074320DBAB anchor=43.5427 holdout=47.1615
gen 0 summary: ADVANCE + STRICT_PROGRESS  (best_attempt_holdout=47.1615  best_so_far=-inf  attempts_run=10)

--- generation 1 | chain_extras_len=2 | best_so_far=47.1615 ---
  spawning 10 parallel attempts...
  attempt 1/10 seed=0xED50B7CC7F1449A6 anchor=47.6606 holdout=47.1615
  attempt 2/10 seed=0xC7A978F5BF03BDB0 anchor=47.7469 holdout=-1338.3614
  attempt 3/10 seed=0xF6843C71DC1939B8 anchor=47.6982 holdout=47.1615
  attempt 4/10 seed=0x1524A51BB30D0CA0 anchor=47.7727 holdout=7.9358
  attempt 5/10 seed=0xAB0C8C193A8AF4D9 anchor=47.7119 holdout=47.1615
  attempt 6/10 seed=0x1369E2DF7B6D7C2B anchor=47.5972 holdout=21.3334
  attempt 7/10 seed=0xFD005BA4EEDF1E3D anchor=47.6961 holdout=47.1615
  attempt 8/10 seed=0x8349C2205787AB02 anchor=32.3338 holdout=29.2944
  attempt 9/10 seed=0x619851C8CACA605A anchor=47.1740 holdout=-34.8772
  attempt 10/10 seed=0xD4F50DDD6CFF8933 anchor=47.7760 holdout=-3.6979
gen 1 summary: SOFT_HALT(retries_exhausted_but_continuing)  (best_attempt_holdout=47.1615  best_so_far=47.1615  attempts_run=10)

--- generation 2 | chain_extras_len=2 | best_so_far=47.1615 ---
  spawning 10 parallel attempts...
  attempt 1/10 seed=0x4A174881FDFF5603 anchor=47.6267 holdout=47.1615
  attempt 2/10 seed=0xBECE2583B1DA0306 anchor=47.6326 holdout=-2684.0928
  attempt 3/10 seed=0xDE03408DACE5B3ED anchor=47.3799 holdout=47.1615
  attempt 4/10 seed=0x9451AA2C77BB6EBF anchor=43.5427 holdout=47.1615
  attempt 5/10 seed=0xA5ECCDBAF342CD66 anchor=47.6588 holdout=47.1615
  attempt 6/10 seed=0x8616411BB604A033 anchor=46.2489 holdout=46.5229
  attempt 7/10 seed=0x5329CF0C2697BB5F anchor=47.5538 holdout=47.1615
  attempt 8/10 seed=0x66931B66C09F59A5 anchor=47.6387 holdout=-23.7110
  attempt 9/10 seed=0x2870EDC0C5AD43D0 anchor=43.5427 holdout=47.1615
  attempt 10/10 seed=0xEFE5A048E02D9DD5 anchor=47.6350 holdout=47.1615
gen 2 summary: SOFT_HALT(retries_exhausted_but_continuing)  (best_attempt_holdout=47.1615  best_so_far=47.1615  attempts_run=10)

--- generation 3 | chain_extras_len=2 | best_so_far=47.1615 ---
  spawning 10 parallel attempts...
  attempt 1/10 seed=0x5A402F1F72D71DE2 anchor=46.3868 holdout=-34.8772
  attempt 2/10 seed=0x30AE9A4DF5D4586E anchor=47.7333 holdout=7.9358
  attempt 3/10 seed=0xB11B4A98DB35521B anchor=32.3338 holdout=29.2944
  attempt 4/10 seed=0xD678B11CE364958B anchor=47.6405 holdout=21.3334
  attempt 5/10 seed=0x68E193F33CE1C9D9 anchor=45.5763 holdout=47.1615
  attempt 6/10 seed=0x27864F3C209A33EA anchor=47.6973 holdout=13.5995
  attempt 7/10 seed=0xC72A39138B89D670 anchor=47.6832 holdout=17.9101
  attempt 8/10 seed=0xD57C2236150F3A56 anchor=47.6355 holdout=-25.7003
  attempt 9/10 seed=0x8C2AB41C8E9E6955 anchor=47.7645 holdout=7.9358
  attempt 10/10 seed=0xD7F822FE8925FC anchor=47.6484 holdout=21.3334
gen 3 summary: SOFT_HALT(retries_exhausted_but_continuing)  (best_attempt_holdout=47.1615  best_so_far=47.1615  attempts_run=10)

--- generation 4 | chain_extras_len=2 | best_so_far=47.1615 ---
  spawning 10 parallel attempts...
  attempt 1/10 seed=0xC97AA19B8DC8E5FA anchor=47.7535 holdout=47.1615
  attempt 2/10 seed=0x146C4DCDF159A12D anchor=47.7084 holdout=-49.7053
  attempt 3/10 seed=0xD3F99EC6AFA7BB46 anchor=47.7284 holdout=7.9358
  attempt 4/10 seed=0xB96454E3DDA85782 anchor=47.6931 holdout=24.8557
  attempt 5/10 seed=0x88003560E880DF76 anchor=47.8135 holdout=7.9358
  attempt 6/10 seed=0xD341C12075E8090B anchor=47.7797 holdout=7.9358
  attempt 7/10 seed=0x4C9AD67BCAC319F3 anchor=47.6375 holdout=47.1615
  attempt 8/10 seed=0xA4C3826C000E6DDA anchor=47.6196 holdout=47.1615
  attempt 9/10 seed=0xA78E5960E4D414B3 anchor=47.6480 holdout=47.1615
  attempt 10/10 seed=0x6864FE66684F0137 anchor=47.7455 holdout=21.3334
gen 4 summary: SOFT_HALT(retries_exhausted_but_continuing)  (best_attempt_holdout=47.1615  best_so_far=47.1615  attempts_run=10)

--- generation 5 | chain_extras_len=2 | best_so_far=47.1615 ---
  spawning 10 parallel attempts...
  attempt 1/10 seed=0xB3E8A43151841BAA anchor=47.7662 holdout=-1320.5219
  attempt 2/10 seed=0xC3348A4D6E3FF5E6 anchor=47.8298 holdout=-49.7053
  attempt 3/10 seed=0x873452BAD5AE18C1 anchor=47.7601 holdout=21.3334
  attempt 4/10 seed=0xC40E8CA37AD01493 anchor=47.7333 holdout=7.9358
  attempt 5/10 seed=0xCBF467F6FAF095D5 anchor=47.8137 holdout=47.1615
  attempt 6/10 seed=0xBB4559378096992E anchor=43.5427 holdout=47.1615
  attempt 7/10 seed=0x6876323F2C040C52 anchor=47.7815 holdout=46.5229
  attempt 8/10 seed=0x63A091A783F3D33B anchor=47.7815 holdout=21.3334
  attempt 9/10 seed=0x639AE4009E8AEF30 anchor=43.5427 holdout=47.1615
  attempt 10/10 seed=0x9C81FB37398E1A54 anchor=47.7577 holdout=47.1615
gen 5 summary: SOFT_HALT(retries_exhausted_but_continuing)  (best_attempt_holdout=47.1615  best_so_far=47.1615  attempts_run=10)

=== CHAIN RESULT ===
Completed 6 generations.
STRICT_DOMINATION ever observed: YES
BEST_HOLDOUT_EVER = 47.1615  (at gen 0, attempt 1)
