meta-engine outer search: outer_iters=300 inner_steps=400 eval_seeds=10 seed=0xDEADBEEF12345678
init: fitness=0.0000 used=9
  iter 0: cand=0.000 best(epoch)=0.000 rejected
  iter 14: cand=39.129 best(epoch)=0.000 ACCEPTED
  iter 16: cand=32.351 best(epoch)=14.369 ACCEPTED
  iter 24: cand=9.477 best(epoch)=3.649 ACCEPTED
  iter 25: cand=-1050.677 best(epoch)=-1050.677 rejected
  iter 36: cand=37.305 best(epoch)=-1037.502 ACCEPTED
  iter 41: cand=38.357 best(epoch)=27.057 ACCEPTED
  iter 45: cand=32.462 best(epoch)=22.163 ACCEPTED
  iter 50: cand=39.052 best(epoch)=40.357 rejected
  iter 75: cand=-6656.465 best(epoch)=37.773 rejected
  iter 93: cand=45.974 best(epoch)=41.787 ACCEPTED
  iter 96: cand=29.104 best(epoch)=25.067 ACCEPTED
  iter 100: cand=0.000 best(epoch)=-0.137 rej-by-holdout
  iter 125: cand=30.990 best(epoch)=30.990 rejected
  iter 126: cand=44.708 best(epoch)=42.852 ACCEPTED
  iter 130: cand=44.488 best(epoch)=43.704 ACCEPTED
  iter 142: cand=32.980 best(epoch)=28.415 ACCEPTED
  iter 150: cand=35.661 best(epoch)=35.661 rejected
  iter 168: cand=38.676 best(epoch)=34.698 ACCEPTED
  iter 175: cand=42.147 best(epoch)=39.424 ACCEPTED
  iter 200: cand=34.850 best(epoch)=42.904 rejected
  iter 202: cand=38.683 best(epoch)=35.066 ACCEPTED
  iter 208: cand=41.335 best(epoch)=38.540 ACCEPTED
  iter 221: cand=44.909 best(epoch)=37.608 ACCEPTED
  iter 225: cand=46.480 best(epoch)=46.480 rejected
  iter 233: cand=46.650 best(epoch)=38.958 ACCEPTED
  iter 235: cand=43.298 best(epoch)=29.499 ACCEPTED
  iter 243: cand=39.737 best(epoch)=39.491 ACCEPTED
  iter 247: cand=44.388 best(epoch)=28.640 ACCEPTED
  iter 250: cand=0.000 best(epoch)=24.458 rejected
  iter 268: cand=41.022 best(epoch)=38.572 ACCEPTED
  iter 274: cand=43.567 best(epoch)=40.353 ACCEPTED
  iter 275: cand=35.274 best(epoch)=35.274 rejected
  iter 292: cand=41.263 best(epoch)=34.181 ACCEPTED
  iter 293: cand=44.107 best(epoch)=35.827 ACCEPTED
  iter 297: cand=40.710 best(epoch)=36.198 ACCEPTED
  iter 298: cand=39.963 best(epoch)=33.742 ACCEPTED

rejected_by_holdout=35

final: best_fit=39.9628 accepted=26/300

best meta-program (12 ops):
  [0] ACCEPT_IF_BETTER dst=r0 src1=r2 src2=r1
  [1] RAND_REG dst=r3 src1=r3 src2=r2
  [2] REG_XOR dst=r0 src1=r1 src2=r3
  [3] MUTATE_BEST_TO_CUR dst=r2 src1=r0 src2=r3
  [4] TEMP_DECAY dst=r1 src1=r0 src2=r2
  [5] CROSS_BEST_CUR dst=r2 src1=r0 src2=r3
  [6] MUTATE_CUR dst=r3 src1=r0 src2=r1
  [7] EVAL_CUR dst=r0 src1=r1 src2=r2
  [8] MUTATE_BEST_TO_CUR dst=r2 src1=r2 src2=r3
  [9] ACCEPT_SA dst=r0 src1=r0 src2=r0
  [10] TEMP_DECAY dst=r3 src1=r2 src2=r2
  [11] EVAL_CUR dst=r1 src1=r0 src2=r1

VALIDATION on 20 held-out seeds: mean=-1043.1771 min=-10714.2500 max=47.8242
wrote results/meta_engine_v3/outer_log.csv and results/meta_engine_v3/best_meta.csv
