=== TIER-1 CHAIN RUNNER ===
generations=4 tier1_iters=40 mm_outer_iters=12 tier0_inner_steps=150 root_seed=0xABCD1234EF567890 wide_call_meta=false
seeded library[0] = results/mm_chain_1111222233334444/gen_0_champion_meta.csv  (15 instrs)
seeded library[1] = results/mm_chain_1111222233334444/gen_1_champion_meta.csv  (15 instrs)
seeded library[2] = results/mm_chain_1111222233334444/gen_2_champion_meta.csv  (16 instrs)
seeded library[3] = results/mm_chain_1111222233334444/gen_3_champion_meta.csv  (16 instrs)
seeded library[4] = results/mm_chain_7777888899990000/gen_0_champion_meta.csv  (8 instrs)
seeded library[5] = results/mm_chain_7777888899990000/gen_1_champion_meta.csv  (7 instrs)
seeded library[6] = results/mm_chain_7777888899990000/gen_2_champion_meta.csv  (13 instrs)
seeded library[7] = results/mm_chain_7777888899990000/gen_3_champion_meta.csv  (9 instrs)

--- generation 0 | chain_extras_len=8 ---
  init pool best anchor-mean q=41.9235
  iter 33 accepted anchor=46.9729
  iter 39 accepted anchor=47.5393
  gen 0: accepted=2/40 anchor_mean=47.5393 holdout=-1365.1476 mm_evals=224
verdict: ADVANCE  (holdout -1365.1476 vs prev 0.0000)

--- generation 1 | chain_extras_len=9 ---
  init pool best anchor-mean q=47.5039
  iter 32 accepted anchor=47.5962
  gen 1: accepted=1/40 anchor_mean=47.5962 holdout=17.4893 mm_evals=220
verdict: ADVANCE + STRICT_DOMINATION  (holdout 17.4893 vs prev -1365.1476)

--- generation 2 | chain_extras_len=10 ---
  init pool best anchor-mean q=1.7737
  iter 0 accepted anchor=12.2511
  iter 3 accepted anchor=43.4944
  gen 2: accepted=2/40 anchor_mean=43.4944 holdout=-2.5625 mm_evals=228
verdict: HALT(holdout_regression)  (holdout -2.5625 vs prev 17.4893)

=== CHAIN RESULT ===
HALTED at generation 2
STRICT_DOMINATION ever observed: YES
