=== MMMP HOLDOUT HILLCLIMB ===
iters=100 seed=0xABCDEF0123456789 start=results/phaseB_mmm_qd_bootstrap_ABCD_64/BEST_champion_mmm.csv mmm_outer=6 tier1_outer=8 tier0_inner=150 shaped=true constrained=true constrained_meta=true constrained_mm=true wide_meta=true wide_mm=true restart_every=25
iter 0: anchor=47.4611 holdout=47.2299 BEST
iter 1/100: anchor=47.5911 holdout=42.5146 current=47.2299 best=47.2299 
iter 2/100: anchor=47.5941 holdout=40.5408 current=47.2299 best=47.2299 
iter 3/100: anchor=47.4136 holdout=42.6440 current=47.2299 best=47.2299 
iter 4/100: anchor=47.4611 holdout=47.2299 current=47.2299 best=47.2299 
iter 5/100: anchor=47.4611 holdout=47.2299 current=47.2299 best=47.2299 
iter 6/100: anchor=47.4136 holdout=42.6440 current=47.2299 best=47.2299 
iter 7/100: anchor=47.1056 holdout=11.3852 current=47.2299 best=47.2299 
iter 8/100: anchor=47.6026 holdout=31.8318 current=47.2299 best=47.2299 
iter 9/100: anchor=47.4611 holdout=47.2299 current=47.2299 best=47.2299 
iter 10/100: anchor=47.5386 holdout=42.6440 current=47.2299 best=47.2299 
iter 11/100: anchor=47.4611 holdout=47.2299 current=47.2299 best=47.2299 
iter 12/100: anchor=47.4611 holdout=47.2299 current=47.2299 best=47.2299 
iter 13/100: anchor=47.4611 holdout=47.2299 current=47.2299 best=47.2299 
iter 14/100: anchor=47.5801 holdout=45.9973 current=47.2299 best=47.2299 
iter 15/100: anchor=46.4231 holdout=41.3961 current=47.2299 best=47.2299 
iter 16/100: anchor=47.4611 holdout=47.2299 current=47.2299 best=47.2299 
iter 17/100: anchor=47.4136 holdout=42.6440 current=47.2299 best=47.2299 
iter 18/100: anchor=47.5941 holdout=40.5408 current=47.2299 best=47.2299 
iter 19/100: anchor=47.1056 holdout=11.3852 current=47.2299 best=47.2299 
iter 20/100: anchor=47.4611 holdout=47.2299 current=47.2299 best=47.2299 
iter 21/100: anchor=47.5941 holdout=40.5408 current=47.2299 best=47.2299 
iter 22/100: anchor=47.4838 holdout=34.6731 current=47.2299 best=47.2299 
iter 23/100: anchor=47.4611 holdout=47.2299 current=47.2299 best=47.2299 
iter 24/100: anchor=47.5283 holdout=40.7267 current=47.2299 best=47.2299 
iter 25/100: anchor=47.4575 holdout=40.5408 current=47.2299 best=47.2299 
iter 26/100: anchor=47.4611 holdout=47.2299 current=47.2299 best=47.2299 
iter 27/100: anchor=47.4611 holdout=47.2299 current=47.2299 best=47.2299 
iter 28/100: anchor=47.5941 holdout=40.5408 current=47.2299 best=47.2299 
iter 29/100: anchor=47.4838 holdout=34.6731 current=47.2299 best=47.2299 
iter 30/100: anchor=47.5941 holdout=40.5408 current=47.2299 best=47.2299 
iter 31/100: anchor=47.4838 holdout=34.6731 current=47.2299 best=47.2299 
iter 32/100: anchor=47.4611 holdout=47.2299 current=47.2299 best=47.2299 
iter 33/100: anchor=47.4691 holdout=40.5408 current=47.2299 best=47.2299 
iter 34/100: anchor=47.1056 holdout=11.3852 current=47.2299 best=47.2299 
iter 35/100: anchor=47.4611 holdout=47.2299 current=47.2299 best=47.2299 
iter 36/100: anchor=47.4611 holdout=47.2299 current=47.2299 best=47.2299 
iter 37/100: anchor=47.5941 holdout=40.5408 current=47.2299 best=47.2299 
iter 38/100: anchor=47.4611 holdout=47.2299 current=47.2299 best=47.2299 
iter 39/100: anchor=47.5386 holdout=42.6440 current=47.2299 best=47.2299 
iter 40/100: anchor=47.4611 holdout=47.2299 current=47.2299 best=47.2299 
iter 41/100: anchor=47.4611 holdout=47.2299 current=47.2299 best=47.2299 
iter 42/100: anchor=47.4611 holdout=47.2299 current=47.2299 best=47.2299 
iter 43/100: anchor=46.2252 holdout=40.7267 current=47.2299 best=47.2299 
iter 44/100: anchor=47.4136 holdout=42.6440 current=47.2299 best=47.2299 
iter 45/100: anchor=47.4611 holdout=47.2299 current=47.2299 best=47.2299 
iter 46/100: anchor=47.4611 holdout=47.2299 current=47.2299 best=47.2299 
iter 47/100: anchor=47.4611 holdout=47.2299 current=47.2299 best=47.2299 
iter 48/100: anchor=47.4611 holdout=47.2299 current=47.2299 best=47.2299 
iter 49/100: anchor=47.5386 holdout=42.6440 current=47.2299 best=47.2299 
iter 50/100: anchor=47.5155 holdout=39.9217 current=47.2299 best=47.2299 
iter 51/100: anchor=47.4551 holdout=41.3961 current=47.2299 best=47.2299 
iter 52/100: anchor=47.3550 holdout=46.1001 current=47.2299 best=47.2299 
iter 53/100: anchor=47.5386 holdout=42.6440 current=47.2299 best=47.2299 
iter 54/100: anchor=47.4611 holdout=47.2299 current=47.2299 best=47.2299 
iter 55/100: anchor=47.4611 holdout=47.2299 current=47.2299 best=47.2299 
iter 56/100: anchor=47.4611 holdout=47.2299 current=47.2299 best=47.2299 
iter 57/100: anchor=47.4551 holdout=41.3961 current=47.2299 best=47.2299 
iter 58/100: anchor=47.4611 holdout=47.2299 current=47.2299 best=47.2299 
iter 59/100: anchor=47.4691 holdout=40.5408 current=47.2299 best=47.2299 
iter 60/100: anchor=47.5801 holdout=45.9973 current=47.2299 best=47.2299 
iter 61/100: anchor=47.4611 holdout=47.2299 current=47.2299 best=47.2299 
iter 62/100: anchor=46.2252 holdout=40.7267 current=47.2299 best=47.2299 
iter 63/100: anchor=47.4611 holdout=47.2299 current=47.2299 best=47.2299 
iter 64/100: anchor=46.2252 holdout=40.7267 current=47.2299 best=47.2299 
iter 65/100: anchor=47.2849 holdout=40.7267 current=47.2299 best=47.2299 
iter 66/100: anchor=47.2423 holdout=29.1296 current=47.2299 best=47.2299 
iter 67/100: anchor=47.5911 holdout=42.5146 current=47.2299 best=47.2299 
iter 68/100: anchor=47.4838 holdout=34.6731 current=47.2299 best=47.2299 
iter 69/100: anchor=46.2252 holdout=40.7267 current=47.2299 best=47.2299 
iter 70/100: anchor=47.1056 holdout=11.3852 current=47.2299 best=47.2299 
iter 71/100: anchor=47.5941 holdout=40.5408 current=47.2299 best=47.2299 
iter 72/100: anchor=47.4611 holdout=47.2299 current=47.2299 best=47.2299 
iter 73/100: anchor=47.4611 holdout=47.2299 current=47.2299 best=47.2299 
iter 74/100: anchor=47.4611 holdout=47.2299 current=47.2299 best=47.2299 
iter 75/100: anchor=47.5801 holdout=38.3584 current=47.2299 best=47.2299 
iter 76/100: anchor=47.4611 holdout=47.2299 current=47.2299 best=47.2299 
iter 77/100: anchor=47.4611 holdout=47.2299 current=47.2299 best=47.2299 
iter 78/100: anchor=47.4838 holdout=34.6731 current=47.2299 best=47.2299 
iter 79/100: anchor=47.4611 holdout=47.2299 current=47.2299 best=47.2299 
iter 80/100: anchor=46.2252 holdout=40.7267 current=47.2299 best=47.2299 
iter 81/100: anchor=47.4611 holdout=47.2299 current=47.2299 best=47.2299 
iter 82/100: anchor=47.2605 holdout=41.3961 current=47.2299 best=47.2299 
iter 83/100: anchor=47.4611 holdout=47.2299 current=47.2299 best=47.2299 
iter 84/100: anchor=47.4611 holdout=47.2299 current=47.2299 best=47.2299 
iter 85/100: anchor=47.5386 holdout=42.6440 current=47.2299 best=47.2299 
iter 86/100: anchor=47.4611 holdout=47.2299 current=47.2299 best=47.2299 
iter 87/100: anchor=47.4551 holdout=41.3961 current=47.2299 best=47.2299 
iter 88/100: anchor=47.1056 holdout=11.3852 current=47.2299 best=47.2299 
iter 89/100: anchor=47.2605 holdout=41.3961 current=47.2299 best=47.2299 
iter 90/100: anchor=47.4611 holdout=47.2299 current=47.2299 best=47.2299 
iter 91/100: anchor=47.4611 holdout=47.2299 current=47.2299 best=47.2299 
iter 92/100: anchor=47.4611 holdout=47.2299 current=47.2299 best=47.2299 
iter 93/100: anchor=47.5801 holdout=45.9973 current=47.2299 best=47.2299 
iter 94/100: anchor=47.4611 holdout=47.2299 current=47.2299 best=47.2299 
iter 95/100: anchor=47.2605 holdout=41.3961 current=47.2299 best=47.2299 
iter 96/100: anchor=47.2605 holdout=41.3961 current=47.2299 best=47.2299 
iter 97/100: anchor=47.1056 holdout=11.3852 current=47.2299 best=47.2299 
iter 98/100: anchor=47.4611 holdout=47.2299 current=47.2299 best=47.2299 
iter 99/100: anchor=47.5386 holdout=42.6440 current=47.2299 best=47.2299 
iter 100/100: anchor=47.4575 holdout=40.5408 current=47.2299 best=47.2299 
BEST_HOLDOUT = 47.2299 iter=0 anchor=47.4611
