=== MMMP QUALITY-DIVERSITY PROBE ===
samples=16 seed=0x1111222233334444 seed_mms=3 shaped=true constrained=true constrained_meta=true constrained_mm=true wide_meta=true wide_mm=true repair=false
sample 1/16: cell=23 anchor=47.4551 holdout=24.6244 nearest=1.000
sample 2/16: cell=29 anchor=47.4801 holdout=38.5299 nearest=1.000
sample 3/16: cell=35 anchor=47.5801 holdout=42.8739 nearest=1.000
sample 4/16: cell=23 anchor=47.4923 holdout=29.1296 nearest=1.000
sample 5/16: cell=23 anchor=47.1628 holdout=42.8739 nearest=1.000
sample 6/16: cell=23 anchor=47.6704 holdout=42.8739 nearest=1.000
sample 7/16: cell=29 anchor=47.2574 holdout=46.8583 nearest=1.000
sample 8/16: cell=23 anchor=47.6051 holdout=38.5299 nearest=1.000
sample 9/16: cell=29 anchor=47.4125 holdout=42.8739 nearest=1.000
sample 10/16: cell=23 anchor=47.3325 holdout=39.4742 nearest=1.000
sample 11/16: cell=23 anchor=47.6349 holdout=39.4742 nearest=1.000
sample 12/16: cell=23 anchor=47.2476 holdout=39.4742 nearest=1.000
sample 13/16: cell=23 anchor=47.3074 holdout=39.1565 nearest=1.000
sample 14/16: cell=29 anchor=47.2294 holdout=32.3933 nearest=1.000
sample 15/16: cell=29 anchor=47.5228 holdout=10.4666 nearest=1.000
sample 16/16: cell=35 anchor=46.8524 holdout=38.9483 nearest=1.000
filled_cells=3/36
BEST_HOLDOUT = 46.8583 cell=29 sample=6 nearest_seed_norm=1.0000
