=== MMMP HOLDOUT HILLCLIMB ===
iters=24 seed=0xA11C0DEADBEEF001 start=results/phaseB_mmm_qd_bootstrap_1111_64/BEST_champion_mmm.csv mmm_outer=6 tier1_outer=8 tier0_inner=150 shaped=false constrained=true constrained_meta=true constrained_mm=true wide_meta=true wide_mm=true restart_every=0
iter 0: anchor=41.8206 holdout=10.5128 BEST
iter 1/24: anchor=41.8206 holdout=10.5128 current=10.5128 best=10.5128 
iter 2/24: anchor=39.9752 holdout=25.4226 current=25.4226 best=25.4226 ACCEPT BEST
iter 3/24: anchor=39.9752 holdout=25.4226 current=25.4226 best=25.4226 
iter 4/24: anchor=42.3775 holdout=25.7115 current=25.7115 best=25.7115 ACCEPT BEST
iter 5/24: anchor=42.3301 holdout=27.4081 current=27.4081 best=27.4081 ACCEPT BEST
iter 6/24: anchor=42.3301 holdout=27.4081 current=27.4081 best=27.4081 
iter 7/24: anchor=42.5099 holdout=-1.4659 current=27.4081 best=27.4081 
iter 8/24: anchor=42.3301 holdout=27.4081 current=27.4081 best=27.4081 
iter 9/24: anchor=42.3926 holdout=33.1374 current=33.1374 best=33.1374 ACCEPT BEST
iter 10/24: anchor=42.3926 holdout=33.1374 current=33.1374 best=33.1374 
iter 11/24: anchor=42.2957 holdout=23.6351 current=33.1374 best=33.1374 
iter 12/24: anchor=42.5180 holdout=28.2196 current=33.1374 best=33.1374 
iter 13/24: anchor=42.3301 holdout=27.4081 current=33.1374 best=33.1374 
iter 14/24: anchor=42.3926 holdout=33.1374 current=33.1374 best=33.1374 
iter 15/24: anchor=41.9843 holdout=31.0286 current=33.1374 best=33.1374 
iter 16/24: anchor=42.0853 holdout=31.5354 current=33.1374 best=33.1374 
iter 17/24: anchor=42.5180 holdout=28.2196 current=33.1374 best=33.1374 
iter 18/24: anchor=42.0853 holdout=31.5354 current=33.1374 best=33.1374 
iter 19/24: anchor=42.3555 holdout=38.7900 current=38.7900 best=38.7900 ACCEPT BEST
iter 20/24: anchor=42.1100 holdout=29.1870 current=38.7900 best=38.7900 
iter 21/24: anchor=42.5801 holdout=23.6351 current=38.7900 best=38.7900 
iter 22/24: anchor=42.3555 holdout=38.7900 current=38.7900 best=38.7900 
iter 23/24: anchor=41.2051 holdout=23.6351 current=38.7900 best=38.7900 
iter 24/24: anchor=42.3555 holdout=38.7900 current=38.7900 best=38.7900 
BEST_HOLDOUT = 38.7900 iter=19 anchor=42.3555
