=== MMMP HOLDOUT HILLCLIMB ===
iters=18 seed=0xAC10AD12BE34CF56 start=results/phaseB_mmm_qd_bootstrap_1111_64/BEST_champion_mmm.csv mmm_outer=6 tier1_outer=8 tier0_inner=150 shaped=false constrained=true constrained_meta=true constrained_mm=true wide_meta=true wide_mm=true restart_every=0
iter 0: anchor=47.5662 holdout=46.3353 BEST
iter 1/18: anchor=47.5888 holdout=42.1156 current=46.3353 best=46.3353 
iter 2/18: anchor=47.5662 holdout=46.3353 current=46.3353 best=46.3353 
iter 3/18: anchor=47.4563 holdout=29.8732 current=46.3353 best=46.3353 
iter 4/18: anchor=47.5508 holdout=47.3244 current=47.3244 best=47.3244 ACCEPT BEST
iter 5/18: anchor=47.4931 holdout=40.5174 current=47.3244 best=47.3244 
iter 6/18: anchor=47.5508 holdout=47.3244 current=47.3244 best=47.3244 
iter 7/18: anchor=47.6094 holdout=46.4260 current=47.3244 best=47.3244 
iter 8/18: anchor=47.4931 holdout=40.5174 current=47.3244 best=47.3244 
iter 9/18: anchor=47.5508 holdout=47.3244 current=47.3244 best=47.3244 
iter 10/18: anchor=47.5508 holdout=47.3244 current=47.3244 best=47.3244 
iter 11/18: anchor=45.6162 holdout=42.1156 current=47.3244 best=47.3244 
iter 12/18: anchor=47.5508 holdout=47.3244 current=47.3244 best=47.3244 
iter 13/18: anchor=47.4931 holdout=40.5174 current=47.3244 best=47.3244 
iter 14/18: anchor=47.5508 holdout=47.3244 current=47.3244 best=47.3244 
iter 15/18: anchor=47.4931 holdout=40.5174 current=47.3244 best=47.3244 
iter 16/18: anchor=47.4931 holdout=40.5174 current=47.3244 best=47.3244 
iter 17/18: anchor=47.6904 holdout=41.7653 current=47.3244 best=47.3244 
iter 18/18: anchor=47.4931 holdout=40.5174 current=47.3244 best=47.3244 
BEST_HOLDOUT = 47.3244 iter=4 anchor=47.5508
