=== MMMP QUALITY-DIVERSITY PROBE ===
samples=64 seed=0xABCDEF0123456789 seed_mms=3 shaped=true constrained=true constrained_meta=true constrained_mm=true wide_meta=true wide_mm=true repair=false
sample 1/64: cell=35 anchor=47.4739 holdout=39.5751 nearest=1.000
sample 2/64: cell=29 anchor=47.2473 holdout=39.5751 nearest=1.000
sample 3/64: cell=23 anchor=47.4611 holdout=46.8583 nearest=1.000
sample 4/64: cell=23 anchor=47.6345 holdout=38.5299 nearest=1.000
sample 5/64: cell=29 anchor=47.3325 holdout=39.4742 nearest=1.000
sample 6/64: cell=23 anchor=47.5155 holdout=39.5751 nearest=1.000
sample 7/64: cell=23 anchor=47.3325 holdout=39.4742 nearest=1.000
sample 8/64: cell=23 anchor=47.2965 holdout=39.4742 nearest=1.000
sample 9/64: cell=29 anchor=47.2769 holdout=46.8583 nearest=1.000
sample 10/64: cell=23 anchor=47.4551 holdout=24.6244 nearest=1.000
sample 11/64: cell=35 anchor=47.3198 holdout=39.1565 nearest=1.000
sample 12/64: cell=23 anchor=47.5801 holdout=39.4742 nearest=0.909
sample 13/64: cell=29 anchor=47.5801 holdout=38.2860 nearest=1.000
sample 14/64: cell=29 anchor=47.2390 holdout=42.8739 nearest=1.000
sample 15/64: cell=29 anchor=47.2917 holdout=23.7834 nearest=1.000
sample 16/64: cell=23 anchor=47.3325 holdout=39.4742 nearest=1.000
sample 17/64: cell=23 anchor=47.5155 holdout=39.5751 nearest=1.000
sample 18/64: cell=23 anchor=47.5155 holdout=39.5751 nearest=1.000
sample 19/64: cell=29 anchor=47.5911 holdout=19.6517 nearest=1.000
sample 20/64: cell=23 anchor=47.3325 holdout=39.4742 nearest=1.000
sample 21/64: cell=23 anchor=47.0846 holdout=3.2861 nearest=1.000
sample 22/64: cell=29 anchor=47.3226 holdout=46.8583 nearest=1.000
sample 23/64: cell=29 anchor=47.3301 holdout=46.0402 nearest=1.000
sample 24/64: cell=23 anchor=47.0211 holdout=42.8739 nearest=1.000
sample 25/64: cell=35 anchor=47.5009 holdout=42.8739 nearest=1.000
sample 26/64: cell=29 anchor=47.6375 holdout=39.5751 nearest=1.000
sample 27/64: cell=23 anchor=47.4551 holdout=46.8583 nearest=1.000
sample 28/64: cell=23 anchor=46.9806 holdout=39.5751 nearest=1.000
sample 29/64: cell=23 anchor=47.2673 holdout=46.8583 nearest=1.000
sample 30/64: cell=23 anchor=47.0938 holdout=32.3933 nearest=1.000
sample 31/64: cell=23 anchor=47.2473 holdout=39.5751 nearest=1.000
sample 32/64: cell=29 anchor=47.2528 holdout=42.8739 nearest=1.000
sample 33/64: cell=23 anchor=47.5155 holdout=39.5751 nearest=1.000
sample 34/64: cell=29 anchor=47.0801 holdout=32.3105 nearest=1.000
sample 35/64: cell=23 anchor=47.3934 holdout=42.8739 nearest=1.000
sample 36/64: cell=29 anchor=47.5032 holdout=46.4121 nearest=1.000
sample 37/64: cell=23 anchor=47.2051 holdout=39.1565 nearest=1.000
sample 38/64: cell=23 anchor=46.9946 holdout=46.0402 nearest=1.000
sample 39/64: cell=29 anchor=47.2574 holdout=46.8583 nearest=1.000
sample 40/64: cell=23 anchor=47.4551 holdout=46.0402 nearest=1.000
sample 41/64: cell=23 anchor=47.2196 holdout=42.8739 nearest=1.000
sample 42/64: cell=35 anchor=47.6259 holdout=42.8739 nearest=1.000
sample 43/64: cell=23 anchor=47.1978 holdout=46.8521 nearest=1.000
sample 44/64: cell=35 anchor=47.4848 holdout=31.8104 nearest=1.000
sample 45/64: cell=35 anchor=47.3905 holdout=39.4742 nearest=1.000
sample 46/64: cell=23 anchor=47.2965 holdout=39.4742 nearest=1.000
sample 47/64: cell=23 anchor=47.2965 holdout=39.4742 nearest=1.000
sample 48/64: cell=23 anchor=47.3325 holdout=39.4742 nearest=1.000
sample 49/64: cell=23 anchor=47.5801 holdout=32.3105 nearest=1.000
sample 50/64: cell=29 anchor=47.5801 holdout=41.2538 nearest=1.000
sample 51/64: cell=29 anchor=47.5136 holdout=46.8521 nearest=1.000
sample 52/64: cell=23 anchor=47.5197 holdout=46.0402 nearest=1.000
sample 53/64: cell=23 anchor=47.4551 holdout=24.6244 nearest=1.000
sample 54/64: cell=23 anchor=47.0846 holdout=3.2861 nearest=1.000
sample 55/64: cell=23 anchor=47.3325 holdout=39.4742 nearest=1.000
sample 56/64: cell=23 anchor=47.4895 holdout=42.8739 nearest=0.909
sample 57/64: cell=29 anchor=47.3301 holdout=46.0402 nearest=1.000
sample 58/64: cell=23 anchor=47.3301 holdout=39.4742 nearest=1.000
sample 59/64: cell=23 anchor=47.5155 holdout=39.5751 nearest=1.000
sample 60/64: cell=29 anchor=47.4790 holdout=42.8739 nearest=1.000
sample 61/64: cell=23 anchor=47.4551 holdout=24.6244 nearest=1.000
sample 62/64: cell=23 anchor=47.6005 holdout=19.6517 nearest=1.000
sample 63/64: cell=29 anchor=47.2294 holdout=32.3933 nearest=1.000
sample 64/64: cell=23 anchor=47.5155 holdout=39.5751 nearest=1.000
filled_cells=3/36
BEST_HOLDOUT = 46.8583 cell=23 sample=2 nearest_seed_norm=1.0000
