=== TIER-1 CHAIN RUNNER ===
generations=5 tier1_iters=24 mm_outer_iters=12 tier0_inner_steps=150 root_seed=0x1111222233334444 wide_call_meta=false monotone_retries=10

--- generation 0 | chain_extras_len=0 | best_so_far=-inf ---
  attempt 1/10 seed=0xCA251ADFDD5F1A71
  init pool best anchor-mean q=39.8943
  iter 3 accepted anchor=45.3903
  gen 0: accepted=1/24 anchor_mean=45.3903 holdout=-2774.2247 mm_evals=192
  attempt 1 STRICT_PROGRESS: -2774.2247 > best-so-far -inf
gen 0 summary: ADVANCE + STRICT_PROGRESS  (best_attempt_holdout=-2774.2247  best_so_far=-inf  attempts_run=1)

--- generation 1 | chain_extras_len=1 | best_so_far=-2774.2247 ---
  attempt 1/10 seed=0x6307703464412B6B
  init pool best anchor-mean q=47.4697
  iter 8 accepted anchor=47.5264
  iter 15 accepted anchor=47.5489
  gen 1: accepted=2/24 anchor_mean=47.5489 holdout=-2774.2247 mm_evals=188
  attempt 2/10 seed=0xF43A5C01AC2BD5D8
  init pool best anchor-mean q=-2757.6330
  iter 6 accepted anchor=-2700.9940
  iter 17 accepted anchor=-33.9568
  iter 20 accepted anchor=34.3264
  gen 1: accepted=3/24 anchor_mean=34.3264 holdout=-30.3923 mm_evals=204
  attempt 2 STRICT_PROGRESS: -30.3923 > best-so-far -2774.2247
gen 1 summary: ADVANCE + STRICT_PROGRESS  (best_attempt_holdout=-30.3923  best_so_far=-2774.2247  attempts_run=2)

--- generation 2 | chain_extras_len=2 | best_so_far=-30.3923 ---
  attempt 1/10 seed=0x610ADE9AE44B7D1B
  init pool best anchor-mean q=47.6037
  iter 15 accepted anchor=47.6502
  gen 2: accepted=1/24 anchor_mean=47.6502 holdout=-88.1611 mm_evals=192
  attempt 2/10 seed=0x87C77580622A2E5B
  init pool best anchor-mean q=-5462.3218
  iter 4 accepted anchor=-5377.0016
  iter 5 accepted anchor=-2800.2106
  iter 8 accepted anchor=46.8319
  iter 13 accepted anchor=46.8392
  iter 16 accepted anchor=47.6527
  iter 23 accepted anchor=47.6844
  gen 2: accepted=6/24 anchor_mean=47.6844 holdout=-1384.8607 mm_evals=212
  attempt 3/10 seed=0xB33FE0C7CC6E77E6
  init pool best anchor-mean q=47.6828
  gen 2: accepted=0/24 anchor_mean=47.6828 holdout=-30.3923 mm_evals=192
  attempt 4/10 seed=0x6D36F2E035B941CF
