=== TIER-1 CHAIN RUNNER ===
generations=5 tier1_iters=24 mm_outer_iters=12 tier0_inner_steps=150 root_seed=0xABCD1234EF567890 wide_call_meta=false monotone_retries=10

--- generation 0 | chain_extras_len=0 | best_so_far=-inf ---
  attempt 1/10 seed=0xE36EA071DF0B977E
  init pool best anchor-mean q=-93.3234
  iter 3 accepted anchor=-2.9583
  iter 4 accepted anchor=45.3903
  gen 0: accepted=2/24 anchor_mean=45.3903 holdout=-2774.2247 mm_evals=192
  attempt 1 STRICT_PROGRESS: -2774.2247 > best-so-far -inf
gen 0 summary: ADVANCE + STRICT_PROGRESS  (best_attempt_holdout=-2774.2247  best_so_far=-inf  attempts_run=1)

--- generation 1 | chain_extras_len=1 | best_so_far=-2774.2247 ---
  attempt 1/10 seed=0xAEF84826A0B14216
  init pool best anchor-mean q=47.6069
  iter 12 accepted anchor=47.7265
  gen 1: accepted=1/24 anchor_mean=47.7265 holdout=-4067.1987 mm_evals=188
  attempt 2/10 seed=0xE0A98B3DDFBA2F15
  init pool best anchor-mean q=47.3115
  iter 5 accepted anchor=47.3968
  gen 1: accepted=1/24 anchor_mean=47.3968 holdout=-2774.2247 mm_evals=204
  attempt 3/10 seed=0x976CAE23BB93ED38
  init pool best anchor-mean q=47.5392
  iter 0 accepted anchor=47.5489
  gen 1: accepted=1/24 anchor_mean=47.5489 holdout=-2774.2247 mm_evals=192
  attempt 4/10 seed=0xB7D0F60AAE803D03
  init pool best anchor-mean q=47.2083
